
Merging program properties


As-needed library included to satisfy reference by file (symbol)

libc.so.6                     build/d_iwad.o (puts@@GLIBC_2.2.5)
libX11.so.6                   build/doomgeneric_xlib.o (XSetForeground)

Discarded input sections

 .rodata.cst4   0x0000000000000000        0x4 /usr/lib/gcc/x86_64-linux-gnu/13/../../../x86_64-linux-gnu/Scrt1.o
 .data          0x0000000000000000        0x4 /usr/lib/gcc/x86_64-linux-gnu/13/../../../x86_64-linux-gnu/Scrt1.o
 .bss           0x0000000000000000        0x0 /usr/lib/gcc/x86_64-linux-gnu/13/../../../x86_64-linux-gnu/Scrt1.o
 .note.GNU-stack
                0x0000000000000000        0x0 /usr/lib/gcc/x86_64-linux-gnu/13/../../../x86_64-linux-gnu/Scrt1.o
 .text          0x0000000000000000        0x0 /usr/lib/gcc/x86_64-linux-gnu/13/../../../x86_64-linux-gnu/crti.o
 .data          0x0000000000000000        0x0 /usr/lib/gcc/x86_64-linux-gnu/13/../../../x86_64-linux-gnu/crti.o
 .bss           0x0000000000000000        0x0 /usr/lib/gcc/x86_64-linux-gnu/13/../../../x86_64-linux-gnu/crti.o
 .note.gnu.property
                0x0000000000000000       0x20 /usr/lib/gcc/x86_64-linux-gnu/13/../../../x86_64-linux-gnu/crti.o
 .note.GNU-stack
                0x0000000000000000        0x0 /usr/lib/gcc/x86_64-linux-gnu/13/../../../x86_64-linux-gnu/crti.o
 .data          0x0000000000000000        0x0 /usr/lib/gcc/x86_64-linux-gnu/13/crtbeginS.o
 .note.GNU-stack
                0x0000000000000000        0x0 /usr/lib/gcc/x86_64-linux-gnu/13/crtbeginS.o
 .note.gnu.property
                0x0000000000000000       0x20 /usr/lib/gcc/x86_64-linux-gnu/13/crtbeginS.o
 .group         0x0000000000000000        0xc build/dummy.o
 .group         0x0000000000000000        0xc build/dummy.o
 .group         0x0000000000000000        0xc build/dummy.o
 .group         0x0000000000000000        0xc build/dummy.o
 .group         0x0000000000000000        0xc build/dummy.o
 .group         0x0000000000000000        0xc build/dummy.o
 .group         0x0000000000000000        0xc build/dummy.o
 .group         0x0000000000000000        0xc build/dummy.o
 .group         0x0000000000000000        0xc build/dummy.o
 .group         0x0000000000000000        0xc build/dummy.o
 .group         0x0000000000000000        0xc build/dummy.o
 .group         0x0000000000000000        0xc build/dummy.o
 .group         0x0000000000000000        0xc build/dummy.o
 .group         0x0000000000000000        0xc build/dummy.o
 .group         0x0000000000000000        0xc build/dummy.o
 .group         0x0000000000000000        0xc build/dummy.o
 .group         0x0000000000000000        0xc build/dummy.o
 .group         0x0000000000000000        0xc build/dummy.o
 .group         0x0000000000000000        0xc build/dummy.o
 .group         0x0000000000000000        0xc build/dummy.o
 .group         0x0000000000000000        0xc build/dummy.o
 .group         0x0000000000000000        0xc build/dummy.o
 .group         0x0000000000000000        0xc build/dummy.o
 .group         0x0000000000000000        0xc build/dummy.o
 .group         0x0000000000000000        0xc build/dummy.o
 .group         0x0000000000000000        0xc build/dummy.o
 .group         0x0000000000000000        0xc build/dummy.o
 .text          0x0000000000000000        0x5 build/dummy.o
 .data          0x0000000000000000        0x0 build/dummy.o
 .note.GNU-stack
                0x0000000000000000        0x0 build/dummy.o
 .note.gnu.property
                0x0000000000000000       0x20 build/dummy.o
 .group         0x0000000000000000        0xc build/am_map.o
 .group         0x0000000000000000        0xc build/am_map.o
 .group         0x0000000000000000        0xc build/am_map.o
 .group         0x0000000000000000        0xc build/am_map.o
 .group         0x0000000000000000        0xc build/am_map.o
 .group         0x0000000000000000        0xc build/am_map.o
 .group         0x0000000000000000        0xc build/am_map.o
 .group         0x0000000000000000        0xc build/am_map.o
 .group         0x0000000000000000        0xc build/am_map.o
 .group         0x0000000000000000        0xc build/am_map.o
 .group         0x0000000000000000        0xc build/am_map.o
 .group         0x0000000000000000        0xc build/am_map.o
 .group         0x0000000000000000        0xc build/am_map.o
 .group         0x0000000000000000        0xc build/am_map.o
 .group         0x0000000000000000        0xc build/am_map.o
 .group         0x0000000000000000        0xc build/am_map.o
 .group         0x0000000000000000        0xc build/am_map.o
 .group         0x0000000000000000        0xc build/am_map.o
 .group         0x0000000000000000        0xc build/am_map.o
 .group         0x0000000000000000        0xc build/am_map.o
 .group         0x0000000000000000        0xc build/am_map.o
 .group         0x0000000000000000        0xc build/am_map.o
 .group         0x0000000000000000        0xc build/am_map.o
 .group         0x0000000000000000        0xc build/am_map.o
[...]
Memory Configuration

Name             Origin             Length             Attributes
*default*        0x0000000000000000 0xffffffffffffffff

Linker script and memory map

LOAD /usr/lib/gcc/x86_64-linux-gnu/13/../../../x86_64-linux-gnu/Scrt1.o
LOAD /usr/lib/gcc/x86_64-linux-gnu/13/../../../x86_64-linux-gnu/crti.o
LOAD /usr/lib/gcc/x86_64-linux-gnu/13/crtbeginS.o
LOAD build/dummy.o
LOAD build/am_map.o
LOAD build/doomdef.o
LOAD build/doomstat.o
LOAD build/dstrings.o
LOAD build/d_event.o
LOAD build/d_items.o
LOAD build/d_iwad.o
LOAD build/d_loop.o
LOAD build/d_main.o
LOAD build/d_mode.o
LOAD build/d_net.o
LOAD build/f_finale.o
LOAD build/f_wipe.o
LOAD build/g_game.o
LOAD build/hu_lib.o
LOAD build/hu_stuff.o
LOAD build/info.o
LOAD build/i_cdmus.o
LOAD build/i_endoom.o
LOAD build/i_joystick.o
LOAD build/i_scale.o
LOAD build/i_sound.o
LOAD build/i_system.o
LOAD build/i_timer.o
LOAD build/memio.o
LOAD build/m_argv.o
LOAD build/m_bbox.o
LOAD build/m_cheat.o
LOAD build/m_config.o
LOAD build/m_controls.o
LOAD build/m_fixed.o
LOAD build/m_menu.o
LOAD build/m_misc.o
LOAD build/m_random.o
LOAD build/p_ceilng.o
LOAD build/p_doors.o
LOAD build/p_enemy.o
LOAD build/p_floor.o
LOAD build/p_inter.o
LOAD build/p_lights.o
LOAD build/p_map.o
LOAD build/p_maputl.o
LOAD build/p_mobj.o
LOAD build/p_plats.o
LOAD build/p_pspr.o
LOAD build/p_saveg.o
LOAD build/p_setup.o
LOAD build/p_sight.o
LOAD build/p_spec.o
LOAD build/p_switch.o
LOAD build/p_telept.o
LOAD build/p_tick.o
LOAD build/p_user.o
LOAD build/r_bsp.o
LOAD build/r_data.o
LOAD build/r_draw.o
LOAD build/r_main.o
LOAD build/r_plane.o
LOAD build/r_segs.o
LOAD build/r_sky.o
LOAD build/r_things.o
LOAD build/sha1.o
LOAD build/sounds.o
LOAD build/statdump.o
LOAD build/st_lib.o
LOAD build/st_stuff.o
LOAD build/s_sound.o
LOAD build/tables.o
LOAD build/v_video.o
LOAD build/wi_stuff.o
LOAD build/w_checksum.o
LOAD build/w_file.o
LOAD build/w_main.o
LOAD build/w_wad.o
LOAD build/z_zone.o
LOAD build/w_file_stdc.o
LOAD build/i_input.o
LOAD build/i_video.o
LOAD build/doomgeneric.o
LOAD build/doomgeneric_xlib.o
LOAD /usr/lib/gcc/x86_64-linux-gnu/13/../../../x86_64-linux-gnu/libm.so
START GROUP
LOAD /lib/x86_64-linux-gnu/libm.so.6
LOAD /lib/x86_64-linux-gnu/libmvec.so.1
END GROUP
LOAD /usr/lib/gcc/x86_64-linux-gnu/13/../../../x86_64-linux-gnu/libc.so
START GROUP
LOAD /lib/x86_64-linux-gnu/libc.so.6
LOAD /usr/lib/x86_64-linux-gnu/libc_nonshared.a
LOAD /lib64/ld-linux-x86-64.so.2
END GROUP
LOAD /usr/lib/gcc/x86_64-linux-gnu/13/../../../x86_64-linux-gnu/libX11.so
LOAD /usr/lib/gcc/x86_64-linux-gnu/13/libgcc.a
LOAD /usr/lib/gcc/x86_64-linux-gnu/13/libgcc_s.so
START GROUP
LOAD /usr/lib/gcc/x86_64-linux-gnu/13/../../../x86_64-linux-gnu/libgcc_s.so.1
LOAD /usr/lib/gcc/x86_64-linux-gnu/13/libgcc.a
END GROUP
LOAD /usr/lib/gcc/x86_64-linux-gnu/13/../../../x86_64-linux-gnu/libc.so
START GROUP
LOAD /lib/x86_64-linux-gnu/libc.so.6
LOAD /usr/lib/x86_64-linux-gnu/libc_nonshared.a
LOAD /lib64/ld-linux-x86-64.so.2
END GROUP
LOAD /usr/lib/gcc/x86_64-linux-gnu/13/libgcc.a
LOAD /usr/lib/gcc/x86_64-linux-gnu/13/libgcc_s.so
START GROUP
LOAD /usr/lib/gcc/x86_64-linux-gnu/13/../../../x86_64-linux-gnu/libgcc_s.so.1
LOAD /usr/lib/gcc/x86_64-linux-gnu/13/libgcc.a
END GROUP
LOAD /usr/lib/gcc/x86_64-linux-gnu/13/crtendS.o
LOAD /usr/lib/gcc/x86_64-linux-gnu/13/../../../x86_64-linux-gnu/crtn.o
                [!provide]                        PROVIDE (__executable_start = SEGMENT_START ("text-segment", 0x0))
                0x0000000000000318                . = (SEGMENT_START ("text-segment", 0x0) + SIZEOF_HEADERS)

.interp         0x0000000000000318       0x1c
 *(.interp)
 .interp        0x0000000000000318       0x1c /usr/lib/gcc/x86_64-linux-gnu/13/../../../x86_64-linux-gnu/Scrt1.o

.note.gnu.property
                0x0000000000000338       0x30
 .note.gnu.property
                0x0000000000000338       0x30 /usr/lib/gcc/x86_64-linux-gnu/13/../../../x86_64-linux-gnu/Scrt1.o

.note.gnu.build-id
                0x0000000000000368       0x24
 *(.note.gnu.build-id)
 .note.gnu.build-id
                0x0000000000000368       0x24 /usr/lib/gcc/x86_64-linux-gnu/13/../../../x86_64-linux-gnu/Scrt1.o

.note.ABI-tag   0x000000000000038c       0x20
 .note.ABI-tag  0x000000000000038c       0x20 /usr/lib/gcc/x86_64-linux-gnu/13/../../../x86_64-linux-gnu/Scrt1.o

.hash
 *(.hash)

.gnu.hash       0x00000000000003b0       0x28
 *(.gnu.hash)
 .gnu.hash      0x00000000000003b0       0x28 /usr/lib/gcc/x86_64-linux-gnu/13/../../../x86_64-linux-gnu/Scrt1.o

.dynsym         0x00000000000003d8      0x630
 *(.dynsym)
 .dynsym        0x00000000000003d8      0x630 /usr/lib/gcc/x86_64-linux-gnu/13/../../../x86_64-linux-gnu/Scrt1.o

.dynstr         0x0000000000000a08      0x31d
 *(.dynstr)
 .dynstr        0x0000000000000a08      0x31d /usr/lib/gcc/x86_64-linux-gnu/13/../../../x86_64-linux-gnu/Scrt1.o

.gnu.version    0x0000000000000d26       0x84
 *(.gnu.version)
 .gnu.version   0x0000000000000d26       0x84 /usr/lib/gcc/x86_64-linux-gnu/13/../../../x86_64-linux-gnu/Scrt1.o

.gnu.version_d  0x0000000000000db0        0x0
 *(.gnu.version_d)
 .gnu.version_d
                0x0000000000000db0        0x0 /usr/lib/gcc/x86_64-linux-gnu/13/../../../x86_64-linux-gnu/Scrt1.o

.gnu.version_r  0x0000000000000db0       0x70
 *(.gnu.version_r)
 .gnu.version_r
                0x0000000000000db0       0x70 /usr/lib/gcc/x86_64-linux-gnu/13/../../../x86_64-linux-gnu/Scrt1.o

.rela.dyn       0x0000000000000e20     0x75f0
 *(.rela.init)
 *(.rela.text .rela.text.* .rela.gnu.linkonce.t.*)
 .rela.text     0x0000000000000e20        0x0 /usr/lib/gcc/x86_64-linux-gnu/13/../../../x86_64-linux-gnu/Scrt1.o
 *(.rela.fini)
 *(.rela.rodata .rela.rodata.* .rela.gnu.linkonce.r.*)
 *(.rela.data .rela.data.* .rela.gnu.linkonce.d.*)
 .rela.data.rel.ro
                0x0000000000000e20      0x1b0 /usr/lib/gcc/x86_64-linux-gnu/13/../../../x86_64-linux-gnu/Scrt1.o
 .rela.data.rel.local
                0x0000000000000fd0     0x4248 /usr/lib/gcc/x86_64-linux-gnu/13/../../../x86_64-linux-gnu/Scrt1.o
 .rela.data.rel.ro.local
                0x0000000000005218      0x630 /usr/lib/gcc/x86_64-linux-gnu/13/../../../x86_64-linux-gnu/Scrt1.o
 .rela.data.rel
                0x0000000000005848     0x2a60 /usr/lib/gcc/x86_64-linux-gnu/13/../../../x86_64-linux-gnu/Scrt1.o
 *(.rela.tdata .rela.tdata.* .rela.gnu.linkonce.td.*)
 *(.rela.tbss .rela.tbss.* .rela.gnu.linkonce.tb.*)
 *(.rela.ctors)
 *(.rela.dtors)
 *(.rela.got)
 .rela.got      0x00000000000082a8      0x120 /usr/lib/gcc/x86_64-linux-gnu/13/../../../x86_64-linux-gnu/Scrt1.o
 *(.rela.bss .rela.bss.* .rela.gnu.linkonce.b.*)
 .rela.bss      0x00000000000083c8       0x18 /usr/lib/gcc/x86_64-linux-gnu/13/../../../x86_64-linux-gnu/Scrt1.o
 *(.rela.ldata .rela.ldata.* .rela.gnu.linkonce.l.*)
 *(.rela.lbss .rela.lbss.* .rela.gnu.linkonce.lb.*)
 *(.rela.lrodata .rela.lrodata.* .rela.gnu.linkonce.lr.*)
 *(.rela.ifunc)
 .rela.ifunc    0x00000000000083e0        0x0 /usr/lib/gcc/x86_64-linux-gnu/13/../../../x86_64-linux-gnu/Scrt1.o
 .rela.fini_array
                0x00000000000083e0       0x18 /usr/lib/gcc/x86_64-linux-gnu/13/../../../x86_64-linux-gnu/Scrt1.o
 .rela.init_array
                0x00000000000083f8       0x18 /usr/lib/gcc/x86_64-linux-gnu/13/../../../x86_64-linux-gnu/Scrt1.o

.rela.plt       0x0000000000008410      0x588
 *(.rela.plt)
 .rela.plt      0x0000000000008410      0x588 /usr/lib/gcc/x86_64-linux-gnu/13/../../../x86_64-linux-gnu/Scrt1.o
 *(.rela.iplt)

.relr.dyn
 *(.relr.dyn)
                0x0000000000009000                . = ALIGN (CONSTANT (MAXPAGESIZE))

.init           0x0000000000009000       0x1b
 *(SORT_NONE(.init))
 .init          0x0000000000009000       0x16 /usr/lib/gcc/x86_64-linux-gnu/13/../../../x86_64-linux-gnu/crti.o
                0x0000000000009000                _init
 .init          0x0000000000009016        0x5 /usr/lib/gcc/x86_64-linux-gnu/13/../../../x86_64-linux-gnu/crtn.o

.plt            0x0000000000009020      0x3c0
 *(.plt)
 .plt           0x0000000000009020      0x3c0 /usr/lib/gcc/x86_64-linux-gnu/13/../../../x86_64-linux-gnu/Scrt1.o
 *(.iplt)

.plt.got        0x00000000000093e0       0x10
 *(.plt.got)
 .plt.got       0x00000000000093e0       0x10 /usr/lib/gcc/x86_64-linux-gnu/13/../../../x86_64-linux-gnu/Scrt1.o
                0x00000000000093e0                __cxa_finalize@@GLIBC_2.2.5

.plt.sec        0x00000000000093f0      0x3b0
 *(.plt.sec)
 .plt.sec       0x00000000000093f0      0x3b0 /usr/lib/gcc/x86_64-linux-gnu/13/../../../x86_64-linux-gnu/Scrt1.o
                0x00000000000093f0                XkbSetDetectableAutoRepeat
                0x0000000000009400                ftell@@GLIBC_2.2.5
                0x0000000000009410                __fprintf_chk@@GLIBC_2.3.4
                0x0000000000009420                puts@@GLIBC_2.2.5
                0x0000000000009430                fseek@@GLIBC_2.2.5
                0x0000000000009440                __isoc99_sscanf@@GLIBC_2.7
                0x0000000000009450                toupper@@GLIBC_2.2.5
                0x0000000000009460                exit@@GLIBC_2.2.5
                0x0000000000009470                __printf_chk@@GLIBC_2.3.4
                0x0000000000009480                XCreateImage
                0x0000000000009490                strcasecmp@@GLIBC_2.2.5
                0x00000000000094a0                gettimeofday@@GLIBC_2.2.5
                0x00000000000094b0                putchar@@GLIBC_2.2.5
                0x00000000000094c0                strncmp@@GLIBC_2.2.5
                0x00000000000094d0                malloc@@GLIBC_2.2.5
                0x00000000000094e0                fopen@@GLIBC_2.2.5
                0x00000000000094f0                system@@GLIBC_2.2.5
                0x0000000000009500                __memcpy_chk@@GLIBC_2.3.4
                0x0000000000009510                XCreateSimpleWindow
                0x0000000000009520                __vsnprintf_chk@@GLIBC_2.3.4
                0x0000000000009530                XOpenDisplay
                0x0000000000009540                atof@@GLIBC_2.2.5
                0x0000000000009550                __ctype_toupper_loc@@GLIBC_2.3
                0x0000000000009560                free@@GLIBC_2.2.5
                0x0000000000009570                strlen@@GLIBC_2.2.5
                0x0000000000009580                __vfprintf_chk@@GLIBC_2.3.4
                0x0000000000009590                XSetForeground
                0x00000000000095a0                strrchr@@GLIBC_2.2.5
                0x00000000000095b0                XNextEvent
                0x00000000000095c0                usleep@@GLIBC_2.2.5
                0x00000000000095d0                strstr@@GLIBC_2.2.5
                0x00000000000095e0                fputs@@GLIBC_2.2.5
                0x00000000000095f0                atoi@@GLIBC_2.2.5
                0x0000000000009600                XMapWindow
                0x0000000000009610                strchr@@GLIBC_2.2.5
                0x0000000000009620                fread@@GLIBC_2.2.5
                0x0000000000009630                XCreateGC
                0x0000000000009640                XSelectInput
                0x0000000000009650                __errno_location@@GLIBC_2.2.5
                0x0000000000009660                strdup@@GLIBC_2.2.5
                0x0000000000009670                strncasecmp@@GLIBC_2.2.5
                0x0000000000009680                __stack_chk_fail@@GLIBC_2.4
                0x0000000000009690                XPutImage
                0x00000000000096a0                strcmp@@GLIBC_2.2.5
                0x00000000000096b0                tolower@@GLIBC_2.2.5
                0x00000000000096c0                __memset_chk@@GLIBC_2.3.4
                0x00000000000096d0                XKeycodeToKeysym
                0x00000000000096e0                calloc@@GLIBC_2.2.5
                0x00000000000096f0                fclose@@GLIBC_2.2.5
                0x0000000000009700                remove@@GLIBC_2.2.5
                0x0000000000009710                strncpy@@GLIBC_2.2.5
                0x0000000000009720                XChangeProperty
                0x0000000000009730                __snprintf_chk@@GLIBC_2.3.4
                0x0000000000009740                fwrite@@GLIBC_2.2.5
                0x0000000000009750                realloc@@GLIBC_2.2.5
                0x0000000000009760                rename@@GLIBC_2.2.5
                0x0000000000009770                XPending
                0x0000000000009780                mkdir@@GLIBC_2.2.5
                0x0000000000009790                fflush@@GLIBC_2.2.5

.text           0x00000000000097a0    0x2473c
 *(.text.unlikely .text.*_unlikely .text.unlikely.*)
 *(.text.exit .text.exit.*)
 *(.text.startup .text.startup.*)
 .text.startup  0x00000000000097a0       0x15 build/doomgeneric_xlib.o
                0x00000000000097a0                main
 *(.text.hot .text.hot.*)
 *(SORT_BY_NAME(.text.sorted.*))
 *(.text .stub .text.* .gnu.linkonce.t.*)
 *fill*         0x00000000000097b5        0xb 
 .text          0x00000000000097c0       0x26 /usr/lib/gcc/x86_64-linux-gnu/13/../../../x86_64-linux-gnu/Scrt1.o
                0x00000000000097c0                _start
 *fill*         0x00000000000097e6        0xa 
 .text          0x00000000000097f0       0xb9 /usr/lib/gcc/x86_64-linux-gnu/13/crtbeginS.o
 .text          0x00000000000098a9     0x1789 build/am_map.o
                0x00000000000098a9                AM_getIslope
                0x000000000000990f                AM_activateNewScale
                0x00000000000099af                AM_saveScaleAndLoc
                0x00000000000099e4                AM_restoreScaleAndLoc
                0x0000000000009a8d                AM_addMark
                0x0000000000009ade                AM_findMinMaxBoundaries
                0x0000000000009c10                AM_changeWindowLoc
                0x0000000000009ccb                AM_initVariables
                0x0000000000009e19                AM_loadPics
                0x0000000000009e9e                AM_unloadPics
                0x0000000000009f0d                AM_clearMarks
                0x0000000000009f34                AM_LevelInit
                0x0000000000009fa7                AM_Stop
                0x0000000000009fd1                AM_Start
                0x000000000000a030                AM_minOutWindowScale
                0x000000000000a057                AM_maxOutWindowScale
                0x000000000000a07e                AM_Responder
                0x000000000000a3cc                AM_changeWindowScale
                0x000000000000a422                AM_doFollowPlayer
                0x000000000000a4fb                AM_updateLightLev
                0x000000000000a54e                AM_Ticker
                0x000000000000a598                AM_clearFB
                0x000000000000a5b8                AM_clipMline
                0x000000000000a881                AM_drawFline
                0x000000000000a99d                AM_drawMline
                0x000000000000a9ca                AM_drawGrid
                0x000000000000aad2                AM_drawWalls
                0x000000000000abc8                AM_rotate
                0x000000000000ac48                AM_drawLineCharacter
                0x000000000000ad75                AM_drawPlayers
                0x000000000000ae63                AM_drawThings
                0x000000000000aed7                AM_drawMarks
                0x000000000000af91                AM_drawCrosshair
                0x000000000000afba                AM_Drawer
 .text          0x000000000000b032       0x72 build/d_event.o
                0x000000000000b032                D_PostEvent
                0x000000000000b06b                D_PopEvent
 .text          0x000000000000b0a4      0x424 build/d_iwad.o
                0x000000000000b116                D_FindWADByName
                0x000000000000b1bf                D_TryFindWADByName
                0x000000000000b1d8                D_FindIWAD
                0x000000000000b3b5                D_FindAllIWADs
                0x000000000000b41f                D_SaveGameIWADName
                0x000000000000b452                D_SuggestIWADName
                0x000000000000b48a                D_SuggestGameName
 .text          0x000000000000b4c8      0x57c build/d_loop.o
                0x000000000000b4c8                D_QuitNetGame
                0x000000000000b63b                NetUpdate
                0x000000000000b699                D_ReceiveTic
                0x000000000000b731                D_StartGameLoop
                0x000000000000b74a                D_StartNetGame
                0x000000000000b784                D_InitNetGame
                0x000000000000b7aa                TryRunTics
                0x000000000000ba38                D_RegisterLoopCallbacks
 .text          0x000000000000ba44     0x1558 build/d_main.o
                0x000000000000ba44                D_GrabMouseCallback
                0x000000000000bac8                D_ProcessEvents
                0x000000000000bafc                D_BindVariables
                0x000000000000bc8b                D_PageTicker
                0x000000000000bca2                D_PageDrawer
                0x000000000000bcc5                D_Display
                0x000000000000c01a                doomgeneric_Tick
                0x000000000000c058                D_DoomLoop
                0x000000000000c0f9                D_AdvanceDemo
                0x000000000000c108                D_DoAdvanceDemo
                0x000000000000c29e                D_StartTitle
                0x000000000000c2bf                D_IdentifyVersion
                0x000000000000c495                D_SetGameDescription
                0x000000000000c54f                PrintDehackedBanners
                0x000000000000c554                PrintGameVersion
                0x000000000000c58a                D_DoomMain
 .text          0x000000000000cf9c      0x182 build/d_mode.o
                0x000000000000cf9c                D_ValidGameMode
                0x000000000000cfc9                D_ValidEpisodeMap
                0x000000000000d041                D_GetNumEpisodes
                0x000000000000d060                D_ValidGameVersion
                0x000000000000d098                D_IsEpisodeMap
                0x000000000000d0b3                D_GameMissionString
 .text          0x000000000000d11e      0x444 build/d_net.o
                0x000000000000d1f3                D_ConnectNetGame
                0x000000000000d304                D_CheckNetGame
 .text          0x000000000000d562      0xb65 build/f_finale.o
                0x000000000000d562                F_StartFinale
                0x000000000000d651                F_TextWrite
                0x000000000000d75c                F_StartCast
                0x000000000000d7db                F_CastTicker
                0x000000000000db8a                F_Ticker
                0x000000000000dc59                F_CastResponder
                0x000000000000dce8                F_Responder
                0x000000000000dcfd                F_CastPrint
                0x000000000000ddaa                F_CastDrawer
                0x000000000000de3f                F_DrawPatchCol
                0x000000000000de9a                F_BunnyScroll
                0x000000000000e042                F_Drawer
 .text          0x000000000000e0c7      0x457 build/f_wipe.o
                0x000000000000e0c7                wipe_doColorXForm
                0x000000000000e128                wipe_exitColorXForm
                0x000000000000e12f                wipe_doMelt
                0x000000000000e25e                wipe_exitMelt
                0x000000000000e28b                wipe_initColorXForm
                0x000000000000e2a8                wipe_shittyColMajorXform
                0x000000000000e32d                wipe_initMelt
                0x000000000000e3fc                wipe_StartScreen
                0x000000000000e425                wipe_EndScreen
                0x000000000000e47e                wipe_ScreenWipe
 .text          0x000000000000e51e     0x24a2 build/g_game.o
                0x000000000000e51e                G_CmdChecksum
                0x000000000000e52b                G_BuildTiccmd
                0x000000000000ebaa                G_DoLoadLevel
                0x000000000000ed42                G_Responder
                0x000000000000f025                G_PlayerFinishLevel
                0x000000000000f0b4                G_PlayerReborn
                0x000000000000f1d3                G_InitPlayer
                0x000000000000f1dc                G_CheckSpot
                0x000000000000f3ee                G_DeathMatchSpawnPlayer
                0x000000000000f48b                G_DoReborn
                0x000000000000f555                G_ScreenShot
                0x000000000000f564                G_ExitLevel
                0x000000000000f57b                G_SecretExitLevel
                0x000000000000f5c2                G_DoCompleted
                0x000000000000f88d                G_WorldDone
                0x000000000000f8f9                G_DoWorldDone
                0x000000000000f92d                G_LoadGame
                0x000000000000f952                G_SaveGame
                0x000000000000f97a                G_DoSaveGame
                0x000000000000fad2                G_DeferedInitNew
                0x000000000000faf3                G_InitNew
                0x000000000000fd2a                G_DoLoadGame
                0x000000000000fde6                G_DoNewGame
                0x000000000000fe50                G_RecordDemo
                0x000000000000fef7                G_VanillaVersionCode
                0x000000000000ff39                G_BeginRecording
                0x000000000001009c                G_DeferedPlayDemo
                0x00000000000100b2                G_DoPlayDemo
                0x0000000000010317                G_TimeDemo
                0x0000000000010358                G_CheckDemoStatus
                0x000000000001048a                G_ReadDemoTiccmd
                0x0000000000010517                G_WriteDemoTiccmd
                0x000000000001065b                G_Ticker
 .text          0x00000000000109c0      0x4ed build/hu_lib.o
                0x00000000000109c0                HUlib_init
                0x00000000000109c5                HUlib_clearTextLine
                0x00000000000109db                HUlib_initTextLine
                0x00000000000109fe                HUlib_addCharToTextLine
                0x0000000000010a2f                HUlib_delCharFromTextLine
                0x0000000000010a57                HUlib_drawTextLine
                0x0000000000010b0b                HUlib_eraseTextLine
                0x0000000000010bb6                HUlib_initSText
                0x0000000000010c26                HUlib_addLineToSText
                0x0000000000010c76                HUlib_addMessageToSText
                0x0000000000010cd0                HUlib_drawSText
                0x0000000000010d18                HUlib_eraseSText
                0x0000000000010d71                HUlib_initIText
                0x0000000000010da7                HUlib_delCharFromIText
                0x0000000000010db9                HUlib_eraseLineFromIText
                0x0000000000010dcd                HUlib_resetIText
                0x0000000000010de8                HUlib_addPrefixToIText
                0x0000000000010e08                HUlib_keyInIText
                0x0000000000010e5e                HUlib_drawIText
                0x0000000000010e76                HUlib_eraseIText
 .text          0x0000000000010ead      0x764 build/hu_stuff.o
                0x0000000000010ead                HU_Init
                0x0000000000010f37                HU_Stop
                0x0000000000010f44                HU_Start
                0x000000000001110c                HU_Drawer
                0x0000000000011143                HU_Erase
                0x000000000001116d                HU_Ticker
                0x000000000001132f                HU_queueChatChar
                0x0000000000011370                HU_dequeueChatChar
                0x000000000001139f                HU_Responder
 .text          0x0000000000011611        0x5 build/i_endoom.o
                0x0000000000011611                I_Endoom
 .text          0x0000000000011616      0x124 build/i_joystick.o
                0x0000000000011616                I_ShutdownJoystick
                0x000000000001161b                I_InitJoystick
                0x0000000000011620                I_UpdateJoystick
                0x0000000000011625                I_BindJoystickVariables
 .text          0x000000000001173a      0x243 build/i_sound.o
                0x000000000001173a                I_InitSound
                0x0000000000011787                I_ShutdownSound
                0x000000000001179b                I_GetSfxLumpNum
                0x00000000000117b1                I_UpdateSound
                0x00000000000117c5                I_UpdateSoundParams
                0x00000000000117fb                I_StartSound
                0x000000000001183d                I_StopSound
                0x0000000000011851                I_SoundIsPlaying
                0x0000000000011867                I_PrecacheSounds
                0x0000000000011883                I_InitMusic
                0x0000000000011888                I_ShutdownMusic
                0x000000000001188d                I_SetMusicVolume
                0x0000000000011892                I_PauseSong
                0x0000000000011897                I_ResumeSong
                0x000000000001189c                I_RegisterSong
                0x00000000000118a3                I_UnRegisterSong
                0x00000000000118a8                I_PlaySong
                0x00000000000118ad                I_StopSong
                0x00000000000118b2                I_MusicIsPlaying
                0x00000000000118b9                I_BindSoundVariables
 .text          0x000000000001197d      0x59d build/i_system.o
                0x000000000001197d                I_AtExit
                0x00000000000119af                I_Tactile
                0x00000000000119b4                I_PrintBanner
                0x00000000000119f1                I_PrintDivider
                0x0000000000011a14                I_PrintStartupBanner
                0x0000000000011a47                I_ConsoleStdout
                0x0000000000011a4e                I_Quit
                0x0000000000011a69                I_Error
                0x0000000000011cbe                I_ZoneBase
                0x0000000000011d42                I_GetMemoryValue
 .text          0x0000000000011f1a       0x70 build/i_timer.o
                0x0000000000011f1a                I_GetTicks
                0x0000000000011f25                I_GetTime
                0x0000000000011f54                I_GetTimeMS
                0x0000000000011f77                I_Sleep
                0x0000000000011f80                I_WaitVBL
                0x0000000000011f85                I_InitTimer
 .text          0x0000000000011f8a       0x9b build/m_argv.o
                0x0000000000011f8a                M_CheckParmWithArgs
                0x0000000000011fda                M_CheckParm
                0x0000000000011fe2                M_ParmExists
                0x0000000000011ff6                M_FindResponseFile
                0x0000000000011ffb                M_GetExecutableName
 .text          0x0000000000012025       0x45 build/m_bbox.o
                0x0000000000012025                M_ClearBox
                0x0000000000012044                M_AddToBox
 .text          0x000000000001206a       0xa4 build/m_cheat.o
                0x000000000001206a                cht_CheckCheat
                0x00000000000120f9                cht_GetParam
 .text          0x000000000001210e      0x3b7 build/m_config.o
                0x00000000000121fd                M_SetConfigFilenames
                0x0000000000012210                M_SaveDefaults
                0x0000000000012215                M_SaveDefaultsAlternate
                0x000000000001221a                M_LoadDefaults
                0x00000000000122f4                M_BindVariable
                0x000000000001230e                M_SetVariable
                0x00000000000123a9                M_GetIntVariable
                0x00000000000123d0                M_GetStrVariable
                0x00000000000123f8                M_GetFloatVariable
                0x0000000000012420                M_SetConfigDir
                0x000000000001246b                M_GetSaveGameDir
 .text          0x00000000000124c5      0x974 build/m_controls.o
                0x00000000000124c5                M_BindBaseControls
                0x00000000000126cc                M_BindHereticControls
                0x000000000001277d                M_BindHexenControls
                0x0000000000012854                M_BindStrifeControls
                0x00000000000129c6                M_BindWeaponControls
                0x0000000000012ad6                M_BindMapControls
                0x0000000000012bc0                M_BindMenuControls
                0x0000000000012da1                M_BindChatControls
                0x0000000000012e34                M_ApplyPlatformDefaults
 .text          0x0000000000012e39       0x4c build/m_fixed.o
                0x0000000000012e39                FixedMul
                0x0000000000012e4f                FixedDiv
 .text          0x0000000000012e85     0x1bfb build/m_menu.o
                0x0000000000012e85                M_ChangeMessages
                0x0000000000012ed4                M_DrawReadThis2
                0x0000000000012f01                M_DrawMainMenu
                0x0000000000012f2a                M_DrawNewGame
                0x0000000000012f76                M_DrawEpisode
                0x0000000000012f9f                M_LoadSelect
                0x0000000000013009                M_SaveSelect
                0x0000000000013069                M_DrawReadThis1
                0x0000000000013137                M_SfxVol
                0x0000000000013172                M_MusicVol
                0x00000000000131ad                M_SizeDisplay
                0x0000000000013203                M_ChangeSensitivity
                0x0000000000013232                M_QuitResponse
                0x0000000000013288                M_ChangeDetail
                0x00000000000132f0                M_QuickLoadResponse
                0x0000000000013316                M_VerifyNightmare
                0x0000000000013346                M_EndGameResponse
                0x0000000000013372                M_ReadSaveStrings
                0x0000000000013453                M_DrawSaveLoadBorder
                0x00000000000134d7                M_DoSave
                0x0000000000013510                M_QuickSaveResponse
                0x0000000000013536                M_DrawThermo
                0x0000000000013604                M_DrawSound
                0x0000000000013670                M_DrawOptions
                0x000000000001374f                M_DrawEmptyCell
                0x0000000000013789                M_DrawSelCell
                0x00000000000137c3                M_StartMessage
                0x00000000000137fc                M_QuickLoad
                0x000000000001387a                M_EndGame
                0x00000000000138bf                M_QuitDOOM
                0x0000000000013931                M_ChooseSkill
                0x0000000000013970                M_StopMessage
                0x0000000000013989                M_StringWidth
                0x00000000000139e5                M_StringHeight
                0x0000000000013a1c                M_WriteText
                0x0000000000013a96                M_DrawLoad
                0x0000000000013b06                M_DrawSave
                0x0000000000013bc0                M_StartControlPanel
                0x0000000000013bf3                M_Drawer
                0x0000000000013e2d                M_ClearMenus
                0x0000000000013e3a                M_SetupNextMenu
                0x0000000000013e50                M_LoadGame
                0x0000000000013e80                M_SaveGame
                0x0000000000013eba                M_QuickSave
                0x0000000000013f56                M_Responder
                0x000000000001488d                M_Sound
                0x000000000001489d                M_NewGame
                0x00000000000148e8                M_Episode
                0x0000000000014945                M_Options
                0x0000000000014955                M_ReadThis
                0x0000000000014965                M_FinishReadThis
                0x0000000000014975                M_ReadThis2
                0x000000000001499e                M_Ticker
                0x00000000000149c9                M_Init
 .text          0x0000000000014a80      0x758 build/m_misc.o
                0x0000000000014a80                M_MakeDirectory
                0x0000000000014a8e                M_FileExists
                0x0000000000014ac3                M_FileLength
                0x0000000000014b05                M_WriteFile
                0x0000000000014b53                M_ReadFile
                0x0000000000014bfe                M_StrToInt
                0x0000000000014c77                M_ExtractFileBase
                0x0000000000014cec                M_ForceUppercase
                0x0000000000014d16                M_StrCaseStr
                0x0000000000014d7a                M_StringDuplicate
                0x0000000000014db9                M_StringCopy
                0x0000000000014dee                M_StringReplace
                0x0000000000014ed5                M_StringConcat
                0x0000000000014f11                M_StringStartsWith
                0x0000000000014f51                M_StringEndsWith
                0x0000000000014f93                M_StringJoin
                0x00000000000150c8                M_TempFile
                0x00000000000150e6                M_vsnprintf
                0x0000000000015128                M_snprintf
 .text          0x00000000000151d8       0x55 build/m_random.o
                0x00000000000151d8                P_Random
                0x00000000000151f9                M_Random
                0x000000000001521a                M_ClearRandom
 .text          0x000000000001522d      0x38b build/p_ceilng.o
                0x000000000001522d                P_AddActiveCeiling
                0x0000000000015252                P_RemoveActiveCeiling
                0x0000000000015291                T_MoveCeiling
                0x00000000000153ed                P_ActivateInStasisCeiling
                0x0000000000015435                EV_DoCeiling
                0x000000000001556d                EV_CeilingCrushStop
 .text          0x00000000000155b8      0x6d7 build/p_doors.o
                0x00000000000155b8                T_VerticalDoor
                0x000000000001574b                EV_DoDoor
                0x00000000000158d3                EV_DoLockedDoor
                0x0000000000015974                EV_VerticalDoor
                0x0000000000015bc3                P_SpawnDoorCloseIn30
                0x0000000000015c1a                P_SpawnDoorRaiseIn5Mins
 .text          0x0000000000015c8f     0x2083 build/p_enemy.o
                0x0000000000015c8f                PIT_VileCheck
                0x0000000000015d39                P_RecursiveSound
                0x0000000000015dec                P_NoiseAlert
                0x0000000000015e0b                P_CheckMeleeRange
                0x0000000000015e66                P_CheckMissileRange
                0x0000000000015f41                P_Move
                0x0000000000016063                P_TryWalk
                0x0000000000016089                P_NewChaseDir
                0x00000000000162ad                P_LookForPlayers
                0x00000000000163ba                A_KeenDie
                0x0000000000016449                A_Look
                0x0000000000016511                A_Chase
                0x000000000001670a                A_FaceTarget
                0x0000000000016764                A_PosAttack
                0x00000000000167e7                A_SPosAttack
                0x0000000000016883                A_CPosAttack
                0x0000000000016906                A_CPosRefire
                0x0000000000016953                A_SpidRefire
                0x00000000000169a0                A_BspiAttack
                0x00000000000169d7                A_TroopAttack
                0x0000000000016a42                A_SargAttack
                0x0000000000016a8f                A_HeadAttack
                0x0000000000016aed                A_CyberAttack
                0x0000000000016b24                A_BruisAttack
                0x0000000000016b87                A_SkelMissile
                0x0000000000016bdd                A_Tracer
                0x0000000000016d4b                A_SkelWhoosh
                0x0000000000016d7b                A_SkelFist
                0x0000000000016de7                A_VileChase
                0x0000000000016f63                A_VileStart
                0x0000000000016f71                A_Fire
                0x0000000000017017                A_StartFire
                0x000000000001703c                A_FireCrackle
                0x0000000000017061                A_VileTarget
                0x00000000000170b7                A_VileAttack
                0x00000000000171ab                A_FatRaise
                0x00000000000171d0                A_FatAttack1
                0x0000000000017268                A_FatAttack2
                0x0000000000017300                A_FatAttack3
                0x00000000000173e6                A_SkullAttack
                0x000000000001749b                A_PainShootSkull
                0x00000000000175c1                A_PainAttack
                0x00000000000175ef                A_PainDie
                0x000000000001762f                A_Scream
                0x0000000000017696                A_XScream
                0x00000000000176a4                A_Pain
                0x00000000000176bc                A_Fall
                0x00000000000176c8                A_Explode
                0x00000000000176dd                A_BossDeath
                0x00000000000178c1                A_Hoof
                0x00000000000178e6                A_Metal
                0x000000000001790b                A_BabyMetal
                0x0000000000017930                A_OpenShotgun2
                0x0000000000017941                A_LoadShotgun2
                0x0000000000017952                A_CloseShotgun2
                0x000000000001797a                A_BrainAwake
                0x00000000000179e7                A_BrainPain
                0x00000000000179f7                A_BrainScream
                0x0000000000017a97                A_BrainExplode
                0x0000000000017b1d                A_BrainDie
                0x0000000000017b26                A_BrainSpit
                0x0000000000017bba                A_SpawnFly
                0x0000000000017cc6                A_SpawnSound
                0x0000000000017ceb                A_PlayerScream
 .text          0x0000000000017d12      0x6a0 build/p_floor.o
                0x0000000000017d12                T_MovePlane
                0x0000000000017e21                T_MoveFloor
                0x0000000000017eb7                EV_DoFloor
                0x0000000000018209                EV_BuildStairs
 .text          0x00000000000183b2      0xdff build/p_inter.o
                0x00000000000183b2                P_GiveAmmo
                0x00000000000184d4                P_GiveWeapon
                0x00000000000185d3                P_GiveBody
                0x0000000000018601                P_GiveArmor
                0x000000000001861b                P_GiveCard
                0x000000000001863e                P_GivePower
                0x00000000000186bd                P_TouchSpecialThing
                0x0000000000018cdd                P_KillMobj
                0x0000000000018ea2                P_DamageMobj
 .text          0x00000000000191b1      0x3d1 build/p_lights.o
                0x00000000000191b1                T_StrobeFlash
                0x00000000000191e0                T_Glow
                0x0000000000019231                T_FireFlicker
                0x000000000001926d                T_LightFlash
                0x00000000000192ae                P_SpawnFireFlicker
                0x0000000000019309                P_SpawnLightFlash
                0x0000000000019374                P_SpawnStrobeFlash
                0x00000000000193fc                EV_StartLightStrobing
                0x0000000000019440                EV_TurnTagLightsOff
                0x00000000000194b2                EV_LightTurnOn
                0x0000000000019526                P_SpawnGlowingLight
 .text          0x0000000000019582     0x14b9 build/p_map.o
                0x0000000000019582                PIT_StompThing
                0x00000000000195fa                PIT_CheckLine
                0x00000000000197cb                PIT_CheckThing
                0x0000000000019984                PTR_SlideTraverse
                0x0000000000019a3b                PTR_AimTraverse
                0x0000000000019b98                PTR_ShootTraverse
                0x0000000000019e54                PTR_UseTraverse
                0x0000000000019ebd                PIT_RadiusAttack
                0x0000000000019f5c                P_TeleportMove
                0x000000000001a0c7                P_CheckPosition
                0x000000000001a26c                P_TryMove
                0x000000000001a3cd                P_ThingHeightClip
                0x000000000001a429                PIT_ChangeSector
                0x000000000001a503                P_HitSlideLine
                0x000000000001a5e2                P_SlideMove
                0x000000000001a7c8                P_AimLineAttack
                0x000000000001a877                P_LineAttack
                0x000000000001a8f6                P_UseLines
                0x000000000001a945                P_RadiusAttack
                0x000000000001a9e0                P_ChangeSector
 .text          0x000000000001aa3b      0xac1 build/p_maputl.o
                0x000000000001aadc                P_AproxDistance
                0x000000000001aaff                P_PointOnLineSide
                0x000000000001ab6c                P_BoxOnLineSide
                0x000000000001ac34                P_PointOnDivlineSide
                0x000000000001acb3                P_MakeDivline
                0x000000000001acd1                P_InterceptVector
                0x000000000001ad4b                PIT_AddLineIntercepts
                0x000000000001ae8f                PIT_AddThingIntercepts
                0x000000000001afa1                P_LineOpening
                0x000000000001afe6                P_UnsetThingPosition
                0x000000000001b087                P_SetThingPosition
                0x000000000001b135                P_BlockLinesIterator
                0x000000000001b1b4                P_BlockThingsIterator
                0x000000000001b20d                P_TraverseIntercepts
                0x000000000001b28d                P_PathTraverse
 .text          0x000000000001b4fc     0x109e build/p_mobj.o
                0x000000000001b4fc                P_SpawnMobj
                0x000000000001b62d                P_RemoveMobj
                0x000000000001b6c5                P_SetMobjState
                0x000000000001b745                P_ExplodeMissile
                0x000000000001b7c6                P_ZMovement
                0x000000000001b94b                P_XYMovement
                0x000000000001bb8d                P_NightmareRespawn
                0x000000000001bc9f                P_MobjThinker
                0x000000000001bd5b                P_RespawnSpecials
                0x000000000001be8b                P_SpawnPlayer
                0x000000000001bfbd                P_SpawnMapThing
                0x000000000001c1ac                P_SpawnPuff
                0x000000000001c23f                P_SpawnBlood
                0x000000000001c2e3                P_CheckMissileSpawn
                0x000000000001c344                P_SubstNullMobj
                0x000000000001c36f                P_SpawnMissile
                0x000000000001c47b                P_SpawnPlayerMissile
 .text          0x000000000001c59a      0x43e build/p_plats.o
                0x000000000001c59a                P_ActivateInStasis
                0x000000000001c5dc                EV_StopPlat
                0x000000000001c623                P_AddActivePlat
                0x000000000001c655                EV_DoPlat
                0x000000000001c858                P_RemoveActivePlat
                0x000000000001c8a7                T_PlatRaise
 .text          0x000000000001c9d8      0xc06 build/p_pspr.o
                0x000000000001c9f6                P_SetPsprite
                0x000000000001caa9                P_CalcSwing
                0x000000000001caf9                P_BringUpWeapon
                0x000000000001cb5d                P_CheckAmmo
                0x000000000001cc8f                P_FireWeapon
                0x000000000001ccd7                P_DropWeapon
                0x000000000001ccf4                A_WeaponReady
                0x000000000001ce06                A_ReFire
                0x000000000001ce37                A_CheckReload
                0x000000000001ce40                A_Lower
                0x000000000001ce82                A_Raise
                0x000000000001ceb9                A_GunFlash
                0x000000000001ceee                A_Punch
                0x000000000001cfa1                A_Saw
                0x000000000001d0a0                A_FireMissile
                0x000000000001d0ce                A_FireBFG
                0x000000000001d0fc                A_FirePlasma
                0x000000000001d14e                P_BulletSlope
                0x000000000001d1b7                P_GunShot
                0x000000000001d21f                A_FirePistol
                0x000000000001d28c                A_FireShotgun
                0x000000000001d2fc                A_FireShotgun2
                0x000000000001d3d6                A_FireCGun
                0x000000000001d483                A_Light0
                0x000000000001d490                A_Light1
                0x000000000001d49f                A_Light2
                0x000000000001d4ae                A_BFGSpray
                0x000000000001d54c                A_BFGsound
                0x000000000001d55d                P_SetupPsprites
                0x000000000001d57f                P_MovePsprites
 .text          0x000000000001d5de     0x1776 build/p_saveg.o
                0x000000000001d822                P_TempSaveGameFile
                0x000000000001d860                P_SaveGameFile
                0x000000000001d91f                P_WriteSaveGameHeader
                0x000000000001da2c                P_ReadSaveGameHeader
                0x000000000001db3e                P_ReadSaveGameEOF
                0x000000000001db52                P_WriteSaveGameEOF
                0x000000000001db60                P_ArchivePlayers
                0x000000000001ddd6                P_UnArchivePlayers
                0x000000000001e05d                P_ArchiveWorld
                0x000000000001e159                P_UnArchiveWorld
                0x000000000001e264                P_ArchiveThinkers
                0x000000000001e45f                P_UnArchiveThinkers
                0x000000000001e706                P_ArchiveSpecials
                0x000000000001e97a                P_UnArchiveSpecials
 .text          0x000000000001ed54      0xd8f build/p_setup.o
                0x000000000001ed54                P_LoadVertexes
                0x000000000001edc8                GetSectorAtNullAddress
                0x000000000001ee1a                P_LoadSegs
                0x000000000001ef55                P_LoadSubsectors
                0x000000000001efe3                P_LoadSectors
                0x000000000001f0c0                P_LoadNodes
                0x000000000001f18f                P_LoadThings
                0x000000000001f263                P_LoadLineDefs
                0x000000000001f3db                P_LoadSideDefs
                0x000000000001f4c1                P_LoadBlockMap
                0x000000000001f55a                P_GroupLines
                0x000000000001f7c7                P_SetupLevel
                0x000000000001fac7                P_Init
 .text          0x000000000001fae3      0x43f build/p_sight.o
                0x000000000001fae3                P_DivlineSide
                0x000000000001fb4f                P_InterceptVector2
                0x000000000001fbc9                P_CrossSubsector
                0x000000000001fdc0                P_CrossBSPNode
                0x000000000001fe4f                P_CheckSight
 .text          0x000000000001ff22      0xdca build/p_spec.o
                0x000000000001ff22                P_InitPicAnims
                0x0000000000020018                getSide
                0x000000000002004a                getSector
                0x0000000000020080                twoSided
                0x00000000000200a4                getNextSector
                0x00000000000200be                P_FindLowestFloorSurrounding
                0x00000000000200f7                P_FindHighestFloorSurrounding
                0x0000000000020133                P_FindNextHighestFloor
                0x00000000000201fb                P_FindLowestCeilingSurrounding
                0x0000000000020238                P_FindHighestCeilingSurrounding
                0x0000000000020272                P_FindSectorFromLineTag
                0x00000000000202ac                P_FindMinSurroundingLight
                0x00000000000202e7                P_CrossSpecialLine
                0x000000000002063b                P_ShootSpecialLine
                0x00000000000206aa                P_PlayerInSpecialSector
                0x0000000000020794                P_UpdateSpecials
                0x00000000000208fe                EV_DoDonut
                0x0000000000020b38                P_SpawnSpecials
 .text          0x0000000000020cec      0x568 build/p_switch.o
                0x0000000000020cec                P_InitSwitchList
                0x0000000000020d94                P_StartButton
                0x0000000000020e0b                P_ChangeSwitchTexture
                0x0000000000020f66                P_UseSpecialLine
 .text          0x0000000000021254      0x189 build/p_telept.o
                0x0000000000021254                EV_Teleport
 .text          0x00000000000213dd      0x133 build/p_tick.o
                0x00000000000213dd                P_InitThinkers
                0x00000000000213f7                P_AddThinker
                0x000000000002141c                P_RemoveThinker
                0x0000000000021429                P_AllocateThinker
                0x000000000002142e                P_RunThinkers
                0x000000000002147e                P_Ticker
 .text          0x0000000000021510      0x49c build/p_user.o
                0x0000000000021510                P_Thrust
                0x000000000002155b                P_CalcHeight
                0x000000000002165e                P_MovePlayer
                0x00000000000216ee                P_DeathThink
                0x00000000000217ba                P_PlayerThink
 .text          0x00000000000219ac      0x532 build/r_bsp.o
                0x00000000000219ac                R_ClearDrawSegs
                0x00000000000219bf                R_ClipSolidWallSegment
                0x0000000000021abd                R_ClipPassWallSegment
                0x0000000000021b1c                R_ClearClipSegs
                0x0000000000021b50                R_AddLine
                0x0000000000021c62                R_CheckBBox
                0x0000000000021d87                R_Subsector
                0x0000000000021e50                R_RenderBSPNode
 .text          0x0000000000021ede      0xe19 build/r_data.o
                0x0000000000021ede                R_DrawColumnInCache
                0x0000000000021f30                R_GenerateComposite
                0x000000000002204c                R_GenerateLookup
                0x00000000000221f6                R_GetColumn
                0x0000000000022268                R_InitTextures
                0x00000000000227c3                R_InitFlats
                0x000000000002282d                R_InitSpriteLumps
                0x0000000000022929                R_InitColormaps
                0x000000000002294f                R_InitData
                0x0000000000022984                R_FlatNumForName
                0x00000000000229f1                R_CheckTextureNumForName
                0x0000000000022a49                R_TextureNumForName
                0x0000000000022a75                R_PrecacheLevel
 .text          0x0000000000022cf7      0xbaf build/r_draw.o
                0x0000000000022cf7                R_DrawColumn
                0x0000000000022db0                R_DrawColumnLow
                0x0000000000022e88                R_DrawFuzzColumn
                0x0000000000022f70                R_DrawFuzzColumnLow
                0x0000000000023090                R_DrawTranslatedColumn
                0x0000000000023154                R_DrawTranslatedColumnLow
                0x0000000000023257                R_InitTranslationTables
                0x00000000000232f0                R_DrawSpan
                0x00000000000233d2                R_DrawSpanLow
                0x00000000000234e1                R_InitBuffer
                0x0000000000023555                R_FillBackScreen
                0x00000000000237d1                R_VideoErase
                0x00000000000237f9                R_DrawViewBorder
 .text          0x00000000000238a6      0x95e build/r_main.o
                0x00000000000238a6                R_AddPointToBox
                0x00000000000238c9                R_PointOnSide
                0x000000000002393e                R_PointOnSegSide
                0x00000000000239c8                R_PointToAngle
                0x0000000000023ac3                R_PointToAngle2
                0x0000000000023ae2                R_PointToDist
                0x0000000000023b47                R_InitPointToAngle
                0x0000000000023b4c                R_ScaleFromGlobalAngle
                0x0000000000023bce                R_InitTables
                0x0000000000023bd3                R_InitTextureMapping
                0x0000000000023cf8                R_InitLightTables
                0x0000000000023d83                R_SetViewSize
                0x0000000000023d9e                R_ExecuteSetViewSize
                0x000000000002400d                R_Init
                0x0000000000024093                R_PointInSubsector
                0x00000000000240f4                R_SetupFrame
                0x00000000000241b9                R_RenderPlayerView
 .text          0x0000000000024204      0x6e1 build/r_plane.o
                0x0000000000024204                R_InitPlanes
                0x0000000000024209                R_MapPlane
                0x00000000000243af                R_ClearPlanes
                0x000000000002445b                R_FindPlane
                0x0000000000024570                R_CheckPlane
                0x0000000000024601                R_MakeSpans
                0x00000000000246b4                R_DrawPlanes
 .text          0x00000000000248e5      0xda0 build/r_segs.o
                0x00000000000248e5                R_RenderMaskedSegRange
                0x0000000000024b00                R_RenderSegLoop
                0x0000000000024e0d                R_StoreWallRange
 .text          0x0000000000025685        0xf build/r_sky.o
                0x0000000000025685                R_InitSkyMap
 .text          0x0000000000025694      0xf4f build/r_things.o
                0x0000000000025694                R_InstallSpriteLump
                0x00000000000257ee                R_InitSpriteDefs
                0x0000000000025a42                R_InitSprites
                0x0000000000025a64                R_ClearSprites
                0x0000000000025a77                R_NewVisSprite
                0x0000000000025aa2                R_DrawMaskedColumn
                0x0000000000025b6d                R_DrawVisSprite
                0x0000000000025c96                R_ProjectSprite
                0x0000000000025f30                R_AddSprites
                0x0000000000025f9a                R_DrawPSprite
                0x0000000000026198                R_DrawPlayerSprites
                0x0000000000026236                R_SortVisSprites
                0x000000000002634d                R_DrawSprite
                0x000000000002655f                R_DrawMasked
 .text          0x00000000000265e3     0x1648 build/sha1.o
                0x00000000000279b3                SHA1_Init
                0x00000000000279e1                SHA1_Update
                0x0000000000027abb                SHA1_Final
                0x0000000000027bb5                SHA1_UpdateInt32
                0x0000000000027bfc                SHA1_UpdateString
 .text          0x0000000000027c2b       0x66 build/statdump.o
                0x0000000000027c2b                StatCopy
                0x0000000000027c8c                StatDump
 .text          0x0000000000027c91      0x3b3 build/st_lib.o
                0x0000000000027c91                STlib_init
                0x0000000000027cb0                STlib_initNum
                0x0000000000027cd2                STlib_drawNum
                0x0000000000027e16                STlib_updateNum
                0x0000000000027e29                STlib_initPercent
                0x0000000000027e50                STlib_updatePercent
                0x0000000000027e81                STlib_initMultIcon
                0x0000000000027e9e                STlib_updateMultIcon
                0x0000000000027f70                STlib_initBinIcon
                0x0000000000027f8b                STlib_updateBinIcon
 .text          0x0000000000028044     0x146a build/st_stuff.o
                0x00000000000283b7                ST_refreshBackground
                0x000000000002842c                ST_Responder
                0x0000000000028915                ST_calcPainOffset
                0x0000000000028958                ST_updateFaceWidget
                0x0000000000028c28                ST_updateWidgets
                0x0000000000028d0b                ST_Ticker
                0x0000000000028d38                ST_doPaletteStuff
                0x0000000000028dfe                ST_drawWidgets
                0x0000000000028f12                ST_doRefresh
                0x0000000000028f2f                ST_diffDraw
                0x0000000000028f3a                ST_Drawer
                0x0000000000028f7f                ST_loadGraphics
                0x0000000000028f8f                ST_loadData
                0x0000000000028fa9                ST_unloadGraphics
                0x0000000000028fb9                ST_unloadData
                0x0000000000028fbf                ST_initData
                0x0000000000029052                ST_createWidgets
                0x0000000000029430                ST_Stop
                0x0000000000029463                ST_Start
                0x000000000002948a                ST_Init
 .text          0x00000000000294ae      0x7a7 build/s_sound.o
                0x00000000000294ae                S_Shutdown
                0x00000000000295f2                S_StopSound
                0x0000000000029626                S_StartSound
                0x0000000000029818                S_PauseSound
                0x0000000000029842                S_ResumeSound
                0x000000000002986a                S_UpdateSounds
                0x0000000000029959                S_SetMusicVolume
                0x000000000002997d                S_SetSfxVolume
                0x00000000000299a1                S_Init
                0x0000000000029a42                S_MusicPlaying
                0x0000000000029a4b                S_StopMusic
                0x0000000000029aa3                S_ChangeMusic
                0x0000000000029b9c                S_Start
                0x0000000000029c4a                S_StartMusic
 .text          0x0000000000029c55       0x2a build/tables.o
                0x0000000000029c55                SlopeDiv
 .text          0x0000000000029c7f      0xbf8 build/v_video.o
                0x0000000000029c7f                V_MarkRect
                0x0000000000029cd3                V_CopyRect
                0x0000000000029da4                V_SetPatchClipCallback
                0x0000000000029db0                V_DrawPatch
                0x0000000000029eb6                V_DrawPatchFlipped
                0x0000000000029fb2                V_DrawPatchDirect
                0x0000000000029fbb                V_DrawTLPatch
                0x000000000002a091                V_DrawXlaPatch
                0x000000000002a155                V_DrawAltTLPatch
                0x000000000002a22b                V_DrawShadowedPatch
                0x000000000002a330                V_LoadTintTable
                0x000000000002a34f                V_LoadXlaTable
                0x000000000002a36e                V_DrawBlock
                0x000000000002a3fa                V_DrawFilledBox
                0x000000000002a439                V_DrawHorizLine
                0x000000000002a462                V_DrawVertLine
                0x000000000002a492                V_DrawBox
                0x000000000002a4d0                V_DrawRawScreen
                0x000000000002a4e6                V_Init
                0x000000000002a4eb                V_UseBuffer
                0x000000000002a4f7                V_RestoreBuffer
                0x000000000002a50a                WritePCXfile
                0x000000000002a60f                V_ScreenShot
                0x000000000002a6bc                V_DrawMouseSpeedBox
 .text          0x000000000002a877     0x1da3 build/wi_stuff.o
                0x000000000002acec                WI_slamBackground
                0x000000000002ad00                WI_Responder
                0x000000000002ad07                WI_drawLF
                0x000000000002ae04                WI_drawEL
                0x000000000002ae74                WI_drawOnLnode
                0x000000000002af5f                WI_initAnimatedBack
                0x000000000002b013                WI_updateAnimatedBack
                0x000000000002b0fd                WI_drawAnimatedBack
                0x000000000002b163                WI_drawNum
                0x000000000002b22d                WI_drawPercent
                0x000000000002b26c                WI_drawTime
                0x000000000002b31c                WI_initNoState
                0x000000000002b33d                WI_updateNoState
                0x000000000002b357                WI_initShowNextLoc
                0x000000000002b37c                WI_updateShowNextLoc
                0x000000000002b3b9                WI_drawShowNextLoc
                0x000000000002b473                WI_drawNoState
                0x000000000002b486                WI_fragSum
                0x000000000002b4c0                WI_initDeathmatchStats
                0x000000000002b537                WI_updateDeathmatchStats
                0x000000000002b734                WI_drawDeathmatchStats
                0x000000000002b93b                WI_initNetgameStats
                0x000000000002b9dd                WI_updateNetgameStats
                0x000000000002bd47                WI_drawNetgameStats
                0x000000000002bfa2                WI_initStats
                0x000000000002bfff                WI_updateStats
                0x000000000002c28d                WI_drawStats
                0x000000000002c3a0                WI_checkForAccelerate
                0x000000000002c422                WI_Ticker
                0x000000000002c4a2                WI_loadData
                0x000000000002c51e                WI_unloadData
                0x000000000002c52e                WI_End
                0x000000000002c534                WI_Drawer
                0x000000000002c577                WI_initVariables
                0x000000000002c5e7                WI_Start
 .text          0x000000000002c61a      0x147 build/w_checksum.o
                0x000000000002c61a                W_Checksum
 .text          0x000000000002c761       0x35 build/w_file.o
                0x000000000002c761                W_OpenFile
                0x000000000002c782                W_CloseFile
                0x000000000002c78c                W_Read
 .text          0x000000000002c796       0x85 build/w_main.o
                0x000000000002c796                W_ParseCommandLine
 .text          0x000000000002c81b      0x6a1 build/w_wad.o
                0x000000000002c81b                W_LumpNameHash
                0x000000000002c855                W_AddFile
                0x000000000002cb0a                W_NumLumps
                0x000000000002cb15                W_CheckNumForName
                0x000000000002cbaf                W_GetNumForName
                0x000000000002cbdb                W_LumpLength
                0x000000000002cc0a                W_ReadLump
                0x000000000002cc76                W_CacheLumpNum
                0x000000000002cd19                W_CacheLumpName
                0x000000000002cd39                W_ReleaseLumpNum
                0x000000000002cd8c                W_ReleaseLumpName
                0x000000000002cd9b                W_GenerateHashTable
                0x000000000002ce2d                W_CheckCorrectIWAD
 .text          0x000000000002cebc      0x5e0 build/z_zone.o
                0x000000000002cebc                Z_ClearZone
                0x000000000002cef7                Z_Init
                0x000000000002cf74                Z_Free
                0x000000000002d023                Z_Malloc
                0x000000000002d13a                Z_FreeTags
                0x000000000002d18e                Z_DumpHeap
                0x000000000002d27b                Z_FileDumpHeap
                0x000000000002d34c                Z_CheckHeap
                0x000000000002d3ce                Z_ChangeTag2
                0x000000000002d42c                Z_ChangeUser
                0x000000000002d45c                Z_FreeMemory
                0x000000000002d48e                Z_ZoneSize
 .text          0x000000000002d49c       0xa9 build/w_file_stdc.o
                0x000000000002d49c                W_StdC_Read
 .text          0x000000000002d545       0xde build/i_input.o
                0x000000000002d545                I_GetEvent
                0x000000000002d61e                I_InitInput
 .text          0x000000000002d623      0x481 build/i_video.o
                0x000000000002d623                cmap_to_rgb565
                0x000000000002d684                cmap_to_fb
                0x000000000002d73e                I_InitGraphics
                0x000000000002d8e2                I_ShutdownGraphics
                0x000000000002d8f2                I_StartFrame
                0x000000000002d8f7                I_StartTic
                0x000000000002d900                I_UpdateNoBlit
                0x000000000002d905                I_FinishUpdate
                0x000000000002d9af                I_ReadScreen
                0x000000000002d9c2                I_SetPalette
                0x000000000002da23                I_GetPaletteIndex
                0x000000000002da73                I_BeginRead
                0x000000000002da78                I_EndRead
                0x000000000002da7d                I_SetWindowTitle
                0x000000000002da86                I_GraphicsCheckCommandLine
                0x000000000002da8b                I_SetGrabMouseCallback
                0x000000000002da90                I_EnableLoadingDisk
                0x000000000002da95                I_BindVideoVariables
                0x000000000002da9a                I_DisplayFPSDots
                0x000000000002da9f                I_CheckIsScreensaver
 .text          0x000000000002daa4       0x35 build/doomgeneric.o
                0x000000000002daa4                doomgeneric_Create
 .text          0x000000000002dad9      0x403 build/doomgeneric_xlib.o
                0x000000000002db8f                DG_Init
                0x000000000002dd10                DG_DrawFrame
                0x000000000002ddf5                DG_SleepMs
                0x000000000002de04                DG_GetTicksMs
                0x000000000002de5c                DG_GetKey
                0x000000000002de97                DG_SetWindowTitle
 *(.gnu.warning)

.fini           0x000000000002dedc        0xd
 *(SORT_NONE(.fini))
 .fini          0x000000000002dedc        0x8 /usr/lib/gcc/x86_64-linux-gnu/13/../../../x86_64-linux-gnu/crti.o
                0x000000000002dedc                _fini
 .fini          0x000000000002dee4        0x5 /usr/lib/gcc/x86_64-linux-gnu/13/../../../x86_64-linux-gnu/crtn.o
                [!provide]                        PROVIDE (__etext = .)
                [!provide]                        PROVIDE (_etext = .)
                [!provide]                        PROVIDE (etext = .)
                0x000000000002e000                . = ALIGN (CONSTANT (MAXPAGESIZE))
                0x000000000002e000                . = SEGMENT_START ("rodata-segment", (ALIGN (CONSTANT (MAXPAGESIZE)) + (. & (CONSTANT (MAXPAGESIZE) - 0x1))))

.rodata         0x000000000002e000    0x18300
 *(.rodata .rodata.* .gnu.linkonce.r.*)
 .rodata.str1.1
                0x000000000002e000     0x6eb1 build/am_map.o
                                         0x67 (size before relaxing)
 *fill*         0x0000000000034eb1        0xf 
 .rodata        0x0000000000034ec0       0x40 build/am_map.o
 .rodata.str1.1
                0x0000000000034f00      0x328 build/dstrings.o
 .rodata.str1.1
                0x0000000000034f00      0x1d3 build/d_iwad.o
 .rodata.str1.1
                0x0000000000034f00       0x6e build/d_loop.o
 .rodata.str1.1
                0x0000000000034f00      0x995 build/d_main.o
 .rodata        0x0000000000034f00       0xd8 build/d_main.o
 .rodata.str1.1
                0x0000000000034fd8       0x3c build/d_mode.o
 *fill*         0x0000000000034fd8        0x8 
 .rodata        0x0000000000034fe0      0x170 build/d_mode.o
 .rodata.str1.1
                0x0000000000035150      0x16d build/d_net.o
 .rodata.str1.1
                0x0000000000035150     0x1f08 build/f_finale.o
 .rodata.str1.1
                0x0000000000035150      0x369 build/g_game.o
 *fill*         0x0000000000035150       0x10 
 .rodata        0x0000000000035160       0x88 build/g_game.o
 .rodata.cst4   0x00000000000351e8        0x8 build/g_game.o
                                          0x4 (size before relaxing)
 .rodata.str1.1
                0x00000000000351f0      0xc0f build/hu_stuff.o
 .rodata.str1.1
                0x00000000000351f0      0x2b2 build/info.o
 .rodata.str1.1
                0x00000000000351f0       0xa7 build/i_joystick.o
 .rodata.str1.1
                0x00000000000351f0       0x9f build/i_sound.o
 .rodata.str1.1
                0x00000000000351f0      0x211 build/i_system.o
 .rodata        0x00000000000351f0       0x2a build/i_system.o
 .rodata.str1.1
                0x000000000003521a      0xc1c build/m_config.o
 *fill*         0x000000000003521a        0x6 
 .rodata        0x0000000000035220      0x200 build/m_config.o
 .rodata.str1.1
                0x0000000000035420      0x630 build/m_controls.o
 .rodata.str1.1
                0x0000000000035420      0x40f build/m_menu.o
 .rodata.str1.1
                0x0000000000035420       0xec build/m_misc.o
 .rodata        0x0000000000035420      0x100 build/m_random.o
 .rodata        0x0000000000035520       0x30 build/p_ceilng.o
 .rodata        0x0000000000035550       0x40 build/p_doors.o
 .rodata.str1.1
                0x0000000000035590      0x137 build/p_doors.o
 .rodata.str1.1
                0x0000000000035590       0x3b build/p_enemy.o
 .rodata        0x0000000000035590       0x34 build/p_floor.o
 .rodata.str1.1
                0x00000000000355c4      0x3d7 build/p_inter.o
 .rodata        0x00000000000355c4       0xb4 build/p_inter.o
 .rodata.str1.1
                0x0000000000035678       0x72 build/p_map.o
 .rodata.str1.1
                0x0000000000035678       0x2d build/p_mobj.o
 .rodata.str1.1
                0x0000000000035678       0x45 build/p_plats.o
 .rodata        0x0000000000035678       0x14 build/p_plats.o
 .rodata.str1.1
                0x000000000003568c       0xe1 build/p_saveg.o
 .rodata        0x000000000003568c       0x20 build/p_saveg.o
 .rodata.str1.1
                0x00000000000356ac       0x5a build/p_setup.o
 .rodata.str1.1
                0x00000000000356ac       0x28 build/p_sight.o
 .rodata.str1.1
                0x00000000000356ac      0x242 build/p_spec.o
 .rodata        0x00000000000356ac      0x2a8 build/p_spec.o
 .rodata.str1.1
                0x0000000000035954       0x25 build/p_switch.o
 .rodata        0x0000000000035954      0x20c build/p_switch.o
 .rodata.str1.1
                0x0000000000035b60       0x23 build/r_bsp.o
 .rodata.str1.1
                0x0000000000035b60      0x12e build/r_data.o
 .rodata.str1.1
                0x0000000000035b60       0xa6 build/r_draw.o
 .rodata.str1.1
                0x0000000000035b60       0xa6 build/r_plane.o
 .rodata.str1.1
                0x0000000000035b60       0x20 build/r_segs.o
 .rodata.str1.1
                0x0000000000035b60      0x1d2 build/r_things.o
 .rodata.str1.1
                0x0000000000035b60      0x191 build/sounds.o
 .rodata.str1.1
                0x0000000000035b60        0xa build/statdump.o
 .rodata.str1.1
                0x0000000000035b60       0x5b build/st_lib.o
 .rodata.str1.1
                0x0000000000035b60      0x1b9 build/st_stuff.o
 .rodata.str1.1
                0x0000000000035b60       0x69 build/s_sound.o
 .rodata        0x0000000000035b60       0x24 build/s_sound.o
 *fill*         0x0000000000035b84       0x1c 
 .rodata        0x0000000000035ba0    0x10520 build/tables.o
                0x0000000000035ba0                gammatable
                0x00000000000360a0                tantoangle
                0x00000000000380c0                finesine
                0x00000000000420c0                finetangent
 .rodata.str1.1
                0x00000000000460c0      0x108 build/v_video.o
 .rodata.cst4   0x00000000000460c0        0x4 build/v_video.o
 .rodata.cst16  0x00000000000460c0       0x10 build/v_video.o
 .rodata.cst8   0x00000000000460d0        0x8 build/v_video.o
 .rodata.str1.1
                0x00000000000460d8      0x10b build/wi_stuff.o
 *fill*         0x00000000000460d8        0x8 
 .rodata        0x00000000000460e0      0x1a0 build/wi_stuff.o
 .rodata.str1.1
                0x0000000000046280        0x6 build/w_file.o
 .rodata.str1.1
                0x0000000000046280       0x12 build/w_main.o
 .rodata.str1.1
                0x0000000000046280      0x1d6 build/w_wad.o
 .rodata.str1.1
                0x0000000000046280      0x323 build/z_zone.o
 .rodata.str1.1
                0x0000000000046280        0x3 build/w_file_stdc.o
 .rodata        0x0000000000046280       0x80 build/i_input.o
 .rodata.str1.1
                0x0000000000046300      0x15b build/i_video.o

.rodata1
 *(.rodata1)

.eh_frame_hdr   0x0000000000046300     0x1a94
 *(.eh_frame_hdr)
 .eh_frame_hdr  0x0000000000046300     0x1a94 /usr/lib/gcc/x86_64-linux-gnu/13/../../../x86_64-linux-gnu/Scrt1.o
                0x0000000000046300                __GNU_EH_FRAME_HDR
 *(.eh_frame_entry .eh_frame_entry.*)

.eh_frame       0x0000000000047d98     0x7d44
 *(.eh_frame)
 .eh_frame      0x0000000000047d98       0x30 /usr/lib/gcc/x86_64-linux-gnu/13/../../../x86_64-linux-gnu/Scrt1.o
                                         0x2c (size before relaxing)
 *fill*         0x0000000000047dc8        0x0 
 .eh_frame      0x0000000000047dc8       0x28 /usr/lib/gcc/x86_64-linux-gnu/13/../../../x86_64-linux-gnu/Scrt1.o
                                         0x40 (size before relaxing)
 .eh_frame      0x0000000000047df0       0x18 /usr/lib/gcc/x86_64-linux-gnu/13/../../../x86_64-linux-gnu/Scrt1.o
                                         0x30 (size before relaxing)
 .eh_frame      0x0000000000047e08       0x18 /usr/lib/gcc/x86_64-linux-gnu/13/../../../x86_64-linux-gnu/Scrt1.o
                                         0x30 (size before relaxing)
 .eh_frame      0x0000000000047e20        0x0 build/dummy.o
                                         0x30 (size before relaxing)
 .eh_frame      0x0000000000047e20      0x518 build/am_map.o
                                        0x530 (size before relaxing)
 .eh_frame      0x0000000000048338       0x28 build/d_event.o
                                         0x40 (size before relaxing)
 .eh_frame      0x0000000000048360      0x170 build/d_iwad.o
                                        0x188 (size before relaxing)
 .eh_frame      0x00000000000484d0      0x158 build/d_loop.o
                                        0x170 (size before relaxing)
 .eh_frame      0x0000000000048628      0x240 build/d_main.o
                                        0x258 (size before relaxing)
 .eh_frame      0x0000000000048868       0x78 build/d_mode.o
                                         0x90 (size before relaxing)
 .eh_frame      0x00000000000488e0       0x88 build/d_net.o
                                         0xa0 (size before relaxing)
 .eh_frame      0x0000000000048968      0x1c8 build/f_finale.o
                                        0x1e0 (size before relaxing)
 .eh_frame      0x0000000000048b30      0x180 build/f_wipe.o
                                        0x198 (size before relaxing)
 .eh_frame      0x0000000000048cb0      0x5a8 build/g_game.o
                                        0x5c0 (size before relaxing)
 .eh_frame      0x0000000000049258      0x228 build/hu_lib.o
                                        0x240 (size before relaxing)
 .eh_frame      0x0000000000049480      0x148 build/hu_stuff.o
                                        0x160 (size before relaxing)
 .eh_frame      0x00000000000495c8        0x0 build/i_cdmus.o
                                         0xd0 (size before relaxing)
 .eh_frame      0x00000000000495c8       0x18 build/i_endoom.o
                                         0x30 (size before relaxing)
 .eh_frame      0x00000000000495e0       0x78 build/i_joystick.o
                                         0x90 (size before relaxing)
 .eh_frame      0x0000000000049658        0x0 build/i_scale.o
                                        0x458 (size before relaxing)
 .eh_frame      0x0000000000049658      0x1a8 build/i_sound.o
                                        0x1c0 (size before relaxing)
 .eh_frame      0x0000000000049800      0x178 build/i_system.o
                                        0x190 (size before relaxing)
 .eh_frame      0x0000000000049978       0x80 build/i_timer.o
                                         0x98 (size before relaxing)
 .eh_frame      0x00000000000499f8        0x0 build/memio.o
                                        0x110 (size before relaxing)
 .eh_frame      0x00000000000499f8       0x98 build/m_argv.o
                                         0xb0 (size before relaxing)
 .eh_frame      0x0000000000049a90       0x28 build/m_bbox.o
                                         0x40 (size before relaxing)
 .eh_frame      0x0000000000049ab8       0x50 build/m_cheat.o
                                         0x68 (size before relaxing)
 .eh_frame      0x0000000000049b08      0x198 build/m_config.o
                                        0x1b0 (size before relaxing)
 .eh_frame      0x0000000000049ca0      0x108 build/m_controls.o
                                        0x120 (size before relaxing)
 .eh_frame      0x0000000000049da8       0x28 build/m_fixed.o
                                         0x40 (size before relaxing)
 .eh_frame      0x0000000000049dd0      0x678 build/m_menu.o
                                        0x690 (size before relaxing)
 .eh_frame      0x000000000004a448      0x330 build/m_misc.o
                                        0x348 (size before relaxing)
 .eh_frame      0x000000000004a778       0x40 build/m_random.o
                                         0x58 (size before relaxing)
 .eh_frame      0x000000000004a7b8       0xe8 build/p_ceilng.o
                                        0x100 (size before relaxing)
 .eh_frame      0x000000000004a8a0      0x120 build/p_doors.o
                                        0x138 (size before relaxing)
 .eh_frame      0x000000000004a9c0      0x990 build/p_enemy.o
                                        0x9a8 (size before relaxing)
 .eh_frame      0x000000000004b350       0xf8 build/p_floor.o
                                        0x110 (size before relaxing)
 .eh_frame      0x000000000004b448      0x1a8 build/p_inter.o
                                        0x1c0 (size before relaxing)
 .eh_frame      0x000000000004b5f0      0x1b0 build/p_lights.o
                                        0x1c8 (size before relaxing)
 .eh_frame      0x000000000004b7a0      0x3e8 build/p_map.o
                                        0x400 (size before relaxing)
 .eh_frame      0x000000000004bb88      0x2d8 build/p_maputl.o
                                        0x2f0 (size before relaxing)
 .eh_frame      0x000000000004be60      0x390 build/p_mobj.o
                                        0x3a8 (size before relaxing)
 .eh_frame      0x000000000004c1f0      0x100 build/p_plats.o
                                        0x118 (size before relaxing)
 .eh_frame      0x000000000004c2f0      0x440 build/p_pspr.o
                                        0x458 (size before relaxing)
 .eh_frame      0x000000000004c730      0x3d0 build/p_saveg.o
                                        0x3e8 (size before relaxing)
 .eh_frame      0x000000000004cb00      0x260 build/p_setup.o
                                        0x278 (size before relaxing)
 .eh_frame      0x000000000004cd60       0xf8 build/p_sight.o
                                        0x110 (size before relaxing)
 .eh_frame      0x000000000004ce58      0x2a0 build/p_spec.o
                                        0x2b8 (size before relaxing)
 .eh_frame      0x000000000004d0f8       0xc0 build/p_switch.o
                                         0xd8 (size before relaxing)
 .eh_frame      0x000000000004d1b8       0x48 build/p_telept.o
                                         0x60 (size before relaxing)
 .eh_frame      0x000000000004d200       0xa8 build/p_tick.o
                                         0xc0 (size before relaxing)
 .eh_frame      0x000000000004d2a8       0xb8 build/p_user.o
                                         0xd0 (size before relaxing)
 .eh_frame      0x000000000004d360      0x158 build/r_bsp.o
                                        0x170 (size before relaxing)
 .eh_frame      0x000000000004d4b8      0x258 build/r_data.o
                                        0x270 (size before relaxing)
 .eh_frame      0x000000000004d710      0x188 build/r_draw.o
                                        0x1a0 (size before relaxing)
 .eh_frame      0x000000000004d898      0x238 build/r_main.o
                                        0x250 (size before relaxing)
 .eh_frame      0x000000000004dad0      0x150 build/r_plane.o
                                        0x168 (size before relaxing)
 .eh_frame      0x000000000004dc20       0xd8 build/r_segs.o
                                         0xf0 (size before relaxing)
 .eh_frame      0x000000000004dcf8       0x18 build/r_sky.o
                                         0x30 (size before relaxing)
 .eh_frame      0x000000000004dd10      0x298 build/r_things.o
                                        0x2b0 (size before relaxing)
 .eh_frame      0x000000000004dfa8      0x110 build/sha1.o
                                        0x128 (size before relaxing)
 .eh_frame      0x000000000004e0b8       0x40 build/statdump.o
                                         0x58 (size before relaxing)
 .eh_frame      0x000000000004e0f8      0x1c0 build/st_lib.o
                                        0x1d8 (size before relaxing)
 .eh_frame      0x000000000004e2b8      0x2e8 build/st_stuff.o
                                        0x300 (size before relaxing)
 .eh_frame      0x000000000004e5a0      0x220 build/s_sound.o
                                        0x238 (size before relaxing)
 .eh_frame      0x000000000004e7c0       0x18 build/tables.o
                                         0x30 (size before relaxing)
 .eh_frame      0x000000000004e7d8      0x3d0 build/v_video.o
                                        0x3e8 (size before relaxing)
 .eh_frame      0x000000000004eba8      0x650 build/wi_stuff.o
                                        0x668 (size before relaxing)
 .eh_frame      0x000000000004f1f8       0x50 build/w_checksum.o
                                         0x68 (size before relaxing)
 .eh_frame      0x000000000004f248       0x48 build/w_file.o
                                         0x60 (size before relaxing)
 .eh_frame      0x000000000004f290       0x38 build/w_main.o
                                         0x50 (size before relaxing)
 .eh_frame      0x000000000004f2c8      0x228 build/w_wad.o
                                        0x240 (size before relaxing)
 .eh_frame      0x000000000004f4f0      0x1e8 build/z_zone.o
                                        0x200 (size before relaxing)
 .eh_frame      0x000000000004f6d8       0x70 build/w_file_stdc.o
                                         0x88 (size before relaxing)
 .eh_frame      0x000000000004f748       0x38 build/i_input.o
                                         0x50 (size before relaxing)
 .eh_frame      0x000000000004f780      0x208 build/i_video.o
                                        0x220 (size before relaxing)
 .eh_frame      0x000000000004f988       0x18 build/doomgeneric.o
                                         0x30 (size before relaxing)
 .eh_frame      0x000000000004f9a0      0x138 build/doomgeneric_xlib.o
                                        0x150 (size before relaxing)
 .eh_frame      0x000000000004fad8        0x4 /usr/lib/gcc/x86_64-linux-gnu/13/crtendS.o
 *(.eh_frame.*)

.sframe         0x000000000004fadc        0x0
 *(.sframe)
 .sframe        0x000000000004fadc        0x0 /usr/lib/gcc/x86_64-linux-gnu/13/../../../x86_64-linux-gnu/Scrt1.o
 .sframe        0x000000000004fadc        0x0 /usr/lib/gcc/x86_64-linux-gnu/13/../../../x86_64-linux-gnu/Scrt1.o
 *(.sframe.*)

.gcc_except_table
 *(.gcc_except_table .gcc_except_table.*)

.gnu_extab
 *(.gnu_extab*)

.exception_ranges
 *(.exception_ranges*)
                0x00000000000505d0                . = DATA_SEGMENT_ALIGN (CONSTANT (MAXPAGESIZE), CONSTANT (COMMONPAGESIZE))

.eh_frame
 *(.eh_frame)
 *(.eh_frame.*)

.sframe
 *(.sframe)
 *(.sframe.*)

.gnu_extab
 *(.gnu_extab)

.gcc_except_table
 *(.gcc_except_table .gcc_except_table.*)

.exception_ranges
 *(.exception_ranges*)

.tdata          0x00000000000505d0        0x0
                [!provide]                        PROVIDE (__tdata_start = .)
 *(.tdata .tdata.* .gnu.linkonce.td.*)

.tbss
 *(.tbss .tbss.* .gnu.linkonce.tb.*)
 *(.tcommon)

.preinit_array  0x00000000000505d0        0x0
                [!provide]                        PROVIDE (__preinit_array_start = .)
 *(.preinit_array)
                [!provide]                        PROVIDE (__preinit_array_end = .)

.init_array     0x00000000000505d0        0x8
                [!provide]                        PROVIDE (__init_array_start = .)
 *(SORT_BY_INIT_PRIORITY(.init_array.*) SORT_BY_INIT_PRIORITY(.ctors.*))
 *(.init_array EXCLUDE_FILE(*crtend?.o *crtend.o *crtbegin?.o *crtbegin.o) .ctors)
 .init_array    0x00000000000505d0        0x8 /usr/lib/gcc/x86_64-linux-gnu/13/crtbeginS.o
                [!provide]                        PROVIDE (__init_array_end = .)

.fini_array     0x00000000000505d8        0x8
                [!provide]                        PROVIDE (__fini_array_start = .)
 *(SORT_BY_INIT_PRIORITY(.fini_array.*) SORT_BY_INIT_PRIORITY(.dtors.*))
 *(.fini_array EXCLUDE_FILE(*crtend?.o *crtend.o *crtbegin?.o *crtbegin.o) .dtors)
 .fini_array    0x00000000000505d8        0x8 /usr/lib/gcc/x86_64-linux-gnu/13/crtbeginS.o
                [!provide]                        PROVIDE (__fini_array_end = .)

.ctors
 *crtbegin.o(.ctors)
 *crtbegin?.o(.ctors)
 *(EXCLUDE_FILE(*crtend?.o *crtend.o) .ctors)
 *(SORT_BY_NAME(.ctors.*))
 *(.ctors)

.dtors
 *crtbegin.o(.dtors)
 *crtbegin?.o(.dtors)
 *(EXCLUDE_FILE(*crtend?.o *crtend.o) .dtors)
 *(SORT_BY_NAME(.dtors.*))
 *(.dtors)

.jcr
 *(.jcr)

.data.rel.ro    0x00000000000505e0      0x5c8
 *(.data.rel.ro.local* .gnu.linkonce.d.rel.ro.local.*)
 .data.rel.ro.local
                0x00000000000505e0      0x150 build/d_iwad.o
 *fill*         0x0000000000050730       0x10 
 .data.rel.ro.local
                0x0000000000050740      0x130 build/d_main.o
 *fill*         0x0000000000050870       0x10 
 .data.rel.ro.local
                0x0000000000050880       0x30 build/f_wipe.o
 .data.rel.ro.local
                0x00000000000508b0       0x20 build/m_menu.o
 *fill*         0x00000000000508d0       0x10 
 .data.rel.ro.local
                0x00000000000508e0       0x20 build/wi_stuff.o
 .data.rel.ro.local
                0x0000000000050900       0x40 build/w_wad.o
 *(.data.rel.ro .data.rel.ro.* .gnu.linkonce.d.rel.ro.*)
 .data.rel.ro   0x0000000000050940        0x0 /usr/lib/gcc/x86_64-linux-gnu/13/../../../x86_64-linux-gnu/Scrt1.o
 .data.rel.ro   0x0000000000050940       0x40 build/g_game.o
 .data.rel.ro   0x0000000000050980      0x228 build/p_maputl.o

.dynamic        0x0000000000050ba8      0x200
 *(.dynamic)
 .dynamic       0x0000000000050ba8      0x200 /usr/lib/gcc/x86_64-linux-gnu/13/../../../x86_64-linux-gnu/Scrt1.o
                0x0000000000050ba8                _DYNAMIC

.got            0x0000000000050da8      0x250
 *(.got.plt)
 .got.plt       0x0000000000050da8      0x1f0 /usr/lib/gcc/x86_64-linux-gnu/13/../../../x86_64-linux-gnu/Scrt1.o
                0x0000000000050da8                _GLOBAL_OFFSET_TABLE_
 *(.igot.plt)
 *(.got)
 .got           0x0000000000050f98       0x60 /usr/lib/gcc/x86_64-linux-gnu/13/../../../x86_64-linux-gnu/Scrt1.o
 *(.igot)
                0x0000000000051000                . = DATA_SEGMENT_RELRO_END (., 0x0)

.data           0x0000000000051000    0x13798
 *(.data .data.* .gnu.linkonce.d.*)
 .data.rel.local
                0x0000000000051000        0x8 /usr/lib/gcc/x86_64-linux-gnu/13/crtbeginS.o
                0x0000000000051000                __dso_handle
 *fill*         0x0000000000051008       0x18 
 .data          0x0000000000051020      0x2b0 build/am_map.o
                0x0000000000051080                cheat_amap
                0x00000000000510e0                thintriangle_guy
                0x0000000000051120                triangle_guy
                0x0000000000051160                cheat_player_arrow
                0x0000000000051260                player_arrow
 .data          0x00000000000512d0        0x8 build/doomstat.o
                0x00000000000512d0                gameversion
                0x00000000000512d4                gamemode
 *fill*         0x00000000000512d8        0x8 
 .data.rel.local
                0x00000000000512e0       0x80 build/dstrings.o
                0x00000000000512e0                doom2_endmsg
                0x0000000000051320                doom1_endmsg
 .data          0x0000000000051360       0xd8 build/d_items.o
                0x0000000000051360                weaponinfo
 .data          0x0000000000051438        0x4 build/d_loop.o
 .data          0x000000000005143c        0xc build/d_main.o
                0x0000000000051440                wipegamestate
                0x0000000000051444                show_endoom
 *fill*         0x0000000000051448       0x18 
 .data.rel      0x0000000000051460       0x20 build/d_net.o
 .data.rel.local
                0x0000000000051480      0x3e0 build/f_finale.o
                0x0000000000051480                castorder
 .data          0x0000000000051860      0x14c build/g_game.o
                0x0000000000051860                cpars
                0x00000000000518e0                pars
                0x0000000000051980                vanilla_demo_limit
                0x0000000000051984                vanilla_savegame_limit
                0x0000000000051988                angleturn
                0x0000000000051998                sidemove
                0x00000000000519a0                forwardmove
                0x00000000000519a8                precache
 *fill*         0x00000000000519ac       0x14 
 .data.rel.local
                0x00000000000519c0      0x4f0 build/hu_stuff.o
                0x00000000000519c0                mapnames_commercial
                0x0000000000051cc0                mapnames
                0x0000000000051e40                player_names
                0x0000000000051e60                chat_macros
 *fill*         0x0000000000051eb0       0x10 
 .data          0x0000000000051ec0     0x313c build/info.o